
[7m[1m[36m RUN [39m[22m[27m [36mv1.6.1[39m [90mD:/scanbo-matrix-fhir-converter[39m

[90mstdout[2m | tests/pipeline/array_conversion.test.ts[2m > [22m[2mconvertLegacyData with arrays[2m > [22m[2mconverts an array of structured JSON documents into an array of FHIR Bundles[22m[39m
json detectedFormat
json detectedFormat

[90mstdout[2m | tests/pipeline/array_conversion.test.ts[2m > [22m[2mconvertLegacyData with arrays[2m > [22m[2mstill treats flat arrays as a single document (tabular mode)[22m[39m
json detectedFormat

 [33mΓ¥»[39m tests/pipeline/array_conversion.test.ts [2m ([22m[2m2 tests[22m [2m|[22m [31m1 failed[39m[2m)[22m[90m 30[2mms[22m[39m
[31m   [33mΓ¥»[31m tests/pipeline/array_conversion.test.ts[2m > [22mconvertLegacyData with arrays[2m > [22mconverts an array of structured JSON documents into an array of FHIR Bundles[39m
[31m     ΓåÆ expected 'ac3e6656-9758-46bd-9f40-d80c00521dc6' to be 'PAT-1' // Object.is equality[39m

node.exe : 
[31mΓÄ»ΓÄ»ΓÄ»ΓÄ»ΓÄ»ΓÄ»ΓÄ»[1m[7m 
Failed Tests 1 
[27m[22mΓÄ»ΓÄ»ΓÄ»ΓÄ»ΓÄ»ΓÄ»ΓÄ»[39m
At line:1 char:1
+ & "C:\Program Files\nodejs/node.exe" 
"C:\Program Files\nodejs/node_mo ...
+ ~~~~~~~~~~~~~~~~~~~~~~~~~~~~~~~~~~~~~~~
~~~~~~~~~~~~~~~~~~~~~~~~~~~~~~
    + CategoryInfo          : NotSpecifi 
   ed: ([31mΓÄ»ΓÄ»ΓÄ»Γ...»ΓÄ»ΓÄ»ΓÄ»[3  
  9m:String) [], RemoteException
    + FullyQualifiedErrorId : NativeComm 
   andError
 

[31m[1m[7m FAIL [27m[22m[39m tests/
pipeline/array_conversion.test.ts[2m > 
[22mconvertLegacyData with arrays[2m > 
[22mconverts an array of structured 
JSON documents into an array of FHIR 
Bundles
[31m[1mAssertionError[22m: expected 
'ac3e6656-9758-46bd-9f40-d80c00521dc6' 
to be 'PAT-1' // Object.is equality[39m

[32m- Expected[39m
[31m+ Received[39m

[32m- PAT-1[39m
[31m+ 
ac3e6656-9758-46bd-9f40-d80c00521dc6[39m

[36m [2mΓ¥»[22m tests/pipeline/array_c
onversion.test.ts:[2m28:48[22m[39m
    [90m 26| [39m        [34mexpect[3
9m(result[[34m0[39m][33m.[39mresource
Type)[33m.[39m[34mtoBe[39m([32m'Bund
le'[39m)[33m;[39m
    [90m 27| [39m        [34mexpect[3
9m(result[[34m0[39m][33m.[39mentry[[
34m0[39m][33m.[39mresource[33m.[39mr
esourceType)[33m.[39m[34mtoBe[39m([3
2m'Patient[39mΓÇª
    [90m 28| [39m        [34mexpect[3
9m(result[[34m0[39m][33m.[39mentry[[
34m0[39m][33m.[39mresource[33m.[39mi
d)[33m.[39m[34mtoBe[39m([32m'PAT-1'
[39m)[33m;[39m
    [90m   | [39m                      
                         [31m^[39m
    [90m 29| [39m
    [90m 30| [39m        [34mexpect[3
9m(result[[34m1[39m][33m.[39mresource
Type)[33m.[39m[34mtoBe[39m([32m'Bund
le'[39m)[33m;[39m

[31m[2mΓÄ»ΓÄ»ΓÄ»ΓÄ»ΓÄ»ΓÄ»ΓÄ»ΓÄ»ΓÄ»ΓÄ»ΓÄ
»ΓÄ»ΓÄ»ΓÄ»ΓÄ»ΓÄ»ΓÄ»ΓÄ»ΓÄ»ΓÄ»ΓÄ»ΓÄ»ΓÄ»ΓÄ»[
1/1]ΓÄ»[22m[39m

[2m Test Files [22m [1m[31m1 failed[39m[22m[90m (1)[39m
[2m      Tests [22m [1m[31m1 failed[39m[22m[2m | [22m[1m[32m1 passed[39m[22m[90m (2)[39m
[2m   Start at [22m 10:51:45
[2m   Duration [22m 3.11s[2m (transform 1.08s, setup 0ms, collect 2.78s, tests 30ms, environment 0ms, prepare 80ms)[22m

